
> codeweft@0.0.0 build
> vite build

[36mvite v5.4.19 [32mbuilding for production...[36m[39m
transforming...
node.exe : Browserslist: browsers data (caniuse-lite) is 8 months old. Please run:
At line:1 char:1
+ & "E:\nodejs/node.exe" "E:\nodejs/node_modules/npm/bin/npm-cli.js" ru ...
+ ~~~~~~~~~~~~~~~~~~~~~~~~~~~~~~~~~~~~~~~~~~~~~~~~~~~~~~~~~~~~~~~~~~~~~
    + CategoryInfo          : NotSpecified: (Browserslist: b...ld. Please run::Strin 
   g) [], RemoteException
    + FullyQualifiedErrorId : NativeCommandError
 
  npx update-browserslist-db@latest
  Why you should do it regularly: https://github.com/browserslist/update-db#readme
[32mΓ£ô[39m 8350 modules transformed.
[31mx[39m Build failed in 10.62s
[31merror during build:
[31msrc/hooks/useBackup.tsx (10:4): "listBackupSchedules" is not exported by 
"src/services/github/backup.service.ts", imported by "src/hooks/useBackup.tsx".[31m
file: [36mG:/Nodejs project/my-personal-space-main/src/hooks/useBackup.tsx:10:4[31m
[33m
 8:     restoreBackup,
 9:     createBackupSchedule,
10:     listBackupSchedules,
        ^
11:     updateBackupSchedule,
12:     deleteBackupSchedule,
[31m
    at getRollupError (file:///G:/Nodejs%20project/my-personal-space-main/node_module
s/rollup/dist/es/shared/parseAst.js:395:41)
    at error (file:///G:/Nodejs%20project/my-personal-space-main/node_modules/rollup/
dist/es/shared/parseAst.js:391:42)
    at Module.error (file:///G:/Nodejs%20project/my-personal-space-main/node_modules/
rollup/dist/es/shared/node-entry.js:15535:16)
    at Module.traceVariable (file:///G:/Nodejs%20project/my-personal-space-main/node_
modules/rollup/dist/es/shared/node-entry.js:15984:29)
    at ModuleScope.findVariable (file:///G:/Nodejs%20project/my-personal-space-main/n
ode_modules/rollup/dist/es/shared/node-entry.js:13770:39)
    at FunctionScope.findVariable (file:///G:/Nodejs%20project/my-personal-space-main
/node_modules/rollup/dist/es/shared/node-entry.js:5252:38)
    at FunctionBodyScope.findVariable (file:///G:/Nodejs%20project/my-personal-space-
main/node_modules/rollup/dist/es/shared/node-entry.js:5252:38)
    at ReturnValueScope.findVariable (file:///G:/Nodejs%20project/my-personal-space-m
ain/node_modules/rollup/dist/es/shared/node-entry.js:5252:38)
    at FunctionBodyScope.findVariable (file:///G:/Nodejs%20project/my-personal-space-
main/node_modules/rollup/dist/es/shared/node-entry.js:5252:38)
    at Identifier.bind (file:///G:/Nodejs%20project/my-personal-space-main/node_modul
es/rollup/dist/es/shared/node-entry.js:5035:40)[39m
